scripts/test.log